[0m21:20:21.766223 [debug] [MainThread]: Sending event: {'category': 'dbt', 'action': 'invocation', 'label': 'start', 'context': [<snowplow_tracker.self_describing_json.SelfDescribingJson object at 0x00000255B92F9160>, <snowplow_tracker.self_describing_json.SelfDescribingJson object at 0x00000255BBA33D90>, <snowplow_tracker.self_describing_json.SelfDescribingJson object at 0x00000255BBA339D0>]}


============================== 21:20:21.774786 | a5ebb103-2d4c-4f5c-8ab3-4aaed4bb50ff ==============================
[0m21:20:21.774786 [info ] [MainThread]: Running with dbt=1.12.0
[0m21:20:21.775737 [debug] [MainThread]: running dbt with arguments {'version_check': 'True', 'no_print': 'None', 'maximum_seed_size_mib': '1', 'warn_error_options': 'WarnErrorOptionsV2(error=[], warn=[], silence=[])', 'static_parser': 'True', 'target_path': 'None', 'printer_width': '80', 'write_json': 'True', 'empty': 'None', 'log_cache_events': 'False', 'introspect': 'True', 'cache_selected_only': 'False', 'fail_fast': 'False', 'debug': 'False', 'log_format': 'default', 'partial_parse': 'True', 'send_anonymous_usage_stats': 'True', 'quiet': 'False', 'warn_error': 'None', 'profiles_dir': 'C:\\Users\\84352\\.dbt', 'indirect_selection': 'eager', 'hints_enabled': 'True', 'invocation_command': 'dbt init cloud_analyst', 'use_experimental_parser': 'False', 'use_colors': 'True', 'log_path': 'logs'}
[0m21:20:21.799638 [info ] [MainThread]: Creating dbt configuration folder at C:\Users\84352\.dbt
[0m21:20:21.801980 [debug] [MainThread]: Starter project path: D:\Phuc\Project cá nhân\Data Analyst\CLoud-Analyst\.venv\Lib\site-packages\dbt\include\starter_project
[0m21:20:21.844473 [info ] [MainThread]: Setting up your profile.
[0m21:25:46.487842 [info ] [MainThread]: Profile cloud_analyst written to C:\Users\84352\.dbt\profiles.yml using target's profile_template.yml and your supplied values.
[0m21:25:46.490586 [info ] [MainThread]: Running dbt debug to validate the project...
[0m21:25:46.491208 [info ] [MainThread]: dbt version: 1.12.0
[0m21:25:46.491630 [info ] [MainThread]: python version: 3.13.5
[0m21:25:46.492244 [info ] [MainThread]: python path: D:\Phuc\Project cá nhân\Data Analyst\CLoud-Analyst\.venv\Scripts\python.exe
[0m21:25:46.492752 [info ] [MainThread]: os info: Windows-11-10.0.26200-SP0
[0m21:25:46.547068 [info ] [MainThread]: Using profiles dir at C:\Users\84352\.dbt
[0m21:25:46.547663 [info ] [MainThread]: Using profiles.yml file at C:\Users\84352\.dbt\profiles.yml
[0m21:25:46.548085 [info ] [MainThread]: Using dbt_project.yml file at D:\Phuc\Project cá nhân\Data Analyst\CLoud-Analyst\dbt\cloud_analyst\dbt_project.yml
[0m21:25:46.549199 [info ] [MainThread]: adapter type: postgres
[0m21:25:46.549500 [info ] [MainThread]: adapter version: 1.11.0
[0m21:25:46.631069 [info ] [MainThread]: Configuration:
[0m21:25:46.631616 [info ] [MainThread]:   profiles.yml file [[32mOK found and valid[0m]
[0m21:25:46.632057 [info ] [MainThread]:   dbt_project.yml file [[32mOK found and valid[0m]
[0m21:25:46.632448 [info ] [MainThread]: Required dependencies:
[0m21:25:46.632742 [debug] [MainThread]: Executing "git --help"
[0m21:25:46.683438 [debug] [MainThread]: STDOUT: "b"usage: git [-v | --version] [-h | --help] [-C <path>] [-c <name>=<value>]\n           [--exec-path[=<path>]] [--html-path] [--man-path] [--info-path]\n           [-p | --paginate | -P | --no-pager] [--no-replace-objects] [--no-lazy-fetch]\n           [--no-optional-locks] [--no-advice] [--bare] [--git-dir=<path>]\n           [--work-tree=<path>] [--namespace=<name>] [--config-env=<name>=<envvar>]\n           <command> [<args>]\n\nThese are common Git commands used in various situations:\n\nstart a working area (see also: git help tutorial)\n   clone      Clone a repository into a new directory\n   init       Create an empty Git repository or reinitialize an existing one\n\nwork on the current change (see also: git help everyday)\n   add        Add file contents to the index\n   mv         Move or rename a file, a directory, or a symlink\n   restore    Restore working tree files\n   rm         Remove files from the working tree and from the index\n\nexamine the history and state (see also: git help revisions)\n   bisect     Use binary search to find the commit that introduced a bug\n   diff       Show changes between commits, commit and working tree, etc\n   grep       Print lines matching a pattern\n   log        Show commit logs\n   show       Show various types of objects\n   status     Show the working tree status\n\ngrow, mark and tweak your common history\n   backfill   Download missing objects in a partial clone\n   branch     List, create, or delete branches\n   commit     Record changes to the repository\n   merge      Join two or more development histories together\n   rebase     Reapply commits on top of another base tip\n   reset      Reset current HEAD to the specified state\n   switch     Switch branches\n   tag        Create, list, delete or verify a tag object signed with GPG\n\ncollaborate (see also: git help workflows)\n   fetch      Download objects and refs from another repository\n   pull       Fetch from and integrate with another repository or a local branch\n   push       Update remote refs along with associated objects\n\n'git help -a' and 'git help -g' list available subcommands and some\nconcept guides. See 'git help <command>' or 'git help <concept>'\nto read about a specific subcommand or concept.\nSee 'git help git' for an overview of the system.\n""
[0m21:25:46.683978 [debug] [MainThread]: STDERR: "b''"
[0m21:25:46.684329 [info ] [MainThread]:  - git [[32mOK found[0m]

[0m21:25:46.684668 [info ] [MainThread]: Connection:
[0m21:25:46.685043 [info ] [MainThread]:   host: cloud-analyst-pg.postgres.database.azure.com
[0m21:25:46.685324 [info ] [MainThread]:   port: 5432
[0m21:25:46.685551 [info ] [MainThread]:   user: cloudadmin
[0m21:25:46.685825 [info ] [MainThread]:   database: cloud_analyst
[0m21:25:46.686292 [info ] [MainThread]:   schema: staging
[0m21:25:46.686751 [info ] [MainThread]:   connect_timeout: 10
[0m21:25:46.687217 [info ] [MainThread]:   role: None
[0m21:25:46.687736 [info ] [MainThread]:   search_path: None
[0m21:25:46.688116 [info ] [MainThread]:   keepalives_idle: 0
[0m21:25:46.688596 [info ] [MainThread]:   sslmode: None
[0m21:25:46.689061 [info ] [MainThread]:   sslcert: None
[0m21:25:46.689685 [info ] [MainThread]:   sslkey: None
[0m21:25:46.690544 [info ] [MainThread]:   sslrootcert: None
[0m21:25:46.691455 [info ] [MainThread]:   application_name: dbt
[0m21:25:46.692099 [info ] [MainThread]:   autocommit: False
[0m21:25:46.692795 [info ] [MainThread]:   retries: 1
[0m21:25:46.693719 [info ] [MainThread]: Registered adapter: postgres=1.11.0
[0m21:25:46.860140 [debug] [MainThread]: Acquiring new postgres connection 'debug'
[0m21:25:56.955815 [debug] [MainThread]: Using postgres connection "debug"
[0m21:25:56.956257 [debug] [MainThread]: On debug: select 1 as id
[0m21:25:56.956501 [debug] [MainThread]: Opening a new connection, currently in state init
[0m21:25:58.220925 [debug] [MainThread]: SQL status: SELECT 1 in 1.264 seconds
[0m21:25:58.222944 [debug] [MainThread]: On debug: Close
[0m21:25:58.224238 [info ] [MainThread]:   Connection test: [[32mOK connection ok[0m]

[0m21:25:58.225307 [info ] [MainThread]: [32mAll checks passed![0m
[0m21:25:58.226210 [info ] [MainThread]: Your new dbt project "cloud_analyst" was created!
Initialized new project in D:\Phuc\Project cá nhân\Data Analyst\CLoud-Analyst\dbt\cloud_analyst\cloud_analyst

For more information on how to configure the profiles.yml file,
please consult the dbt documentation here:

  https://docs.getdbt.com/docs/configure-your-profile

One more thing:

Need help? Don't hesitate to reach out to us via GitHub issues or on Slack:

  https://community.getdbt.com/

Happy modeling!

[0m21:25:58.228397 [debug] [MainThread]: Command `dbt init` succeeded at 21:25:58.228115 after 336.62 seconds
[0m21:25:58.228994 [debug] [MainThread]: Connection 'debug' was properly closed.
[0m21:25:58.229653 [debug] [MainThread]: Sending event: {'category': 'dbt', 'action': 'invocation', 'label': 'end', 'context': [<snowplow_tracker.self_describing_json.SelfDescribingJson object at 0x00000255BC071480>, <snowplow_tracker.self_describing_json.SelfDescribingJson object at 0x00000255BBA75910>, <snowplow_tracker.self_describing_json.SelfDescribingJson object at 0x00000255BBCDE690>]}
[0m21:25:58.230282 [debug] [MainThread]: Flushing usage events
[0m21:25:59.500726 [debug] [MainThread]: An error was encountered while trying to flush usage events
[0m22:32:41.784195 [debug] [MainThread]: Sending event: {'category': 'dbt', 'action': 'invocation', 'label': 'start', 'context': [<snowplow_tracker.self_describing_json.SelfDescribingJson object at 0x000002869C129160>, <snowplow_tracker.self_describing_json.SelfDescribingJson object at 0x000002869E873D90>, <snowplow_tracker.self_describing_json.SelfDescribingJson object at 0x000002869E8739D0>]}


============================== 22:32:41.790512 | 54905202-63cc-4d44-8542-8738a67858c8 ==============================
[0m22:32:41.790512 [info ] [MainThread]: Running with dbt=1.12.0
[0m22:32:41.791177 [debug] [MainThread]: running dbt with arguments {'version_check': 'True', 'no_print': 'None', 'maximum_seed_size_mib': '1', 'warn_error_options': 'WarnErrorOptionsV2(error=[], warn=[], silence=[])', 'target_path': 'None', 'static_parser': 'True', 'printer_width': '80', 'write_json': 'True', 'empty': 'None', 'log_cache_events': 'False', 'introspect': 'True', 'cache_selected_only': 'False', 'log_format': 'default', 'debug': 'False', 'fail_fast': 'False', 'profiles_dir': 'C:\\Users\\84352\\.dbt', 'send_anonymous_usage_stats': 'True', 'quiet': 'False', 'warn_error': 'None', 'partial_parse': 'True', 'use_colors': 'True', 'hints_enabled': 'True', 'indirect_selection': 'eager', 'use_experimental_parser': 'False', 'invocation_command': 'dbt deps', 'log_path': 'logs'}
[0m22:32:41.791793 [error] [MainThread]: [[31mERROR[0m]: Encountered an error:
Runtime Error
  No dbt_project.yml found at expected path D:\Phuc\Project cá nhân\Data Analyst\CLoud-Analyst\dbt\dbt_project.yml
  Verify that each entry within packages.yml (and their transitive dependencies) contains a file named dbt_project.yml
  
[0m22:32:41.792740 [debug] [MainThread]: Command `dbt deps` failed at 22:32:41.792613 after 0.23 seconds
[0m22:32:41.793095 [debug] [MainThread]: Sending event: {'category': 'dbt', 'action': 'invocation', 'label': 'end', 'context': [<snowplow_tracker.self_describing_json.SelfDescribingJson object at 0x000002869E877230>, <snowplow_tracker.self_describing_json.SelfDescribingJson object at 0x000002869E8B5B50>, <snowplow_tracker.self_describing_json.SelfDescribingJson object at 0x000002869E904380>]}
[0m22:32:41.793446 [debug] [MainThread]: Flushing usage events
[0m22:32:43.086055 [debug] [MainThread]: An error was encountered while trying to flush usage events
[0m11:41:12.974301 [debug] [MainThread]: Sending event: {'category': 'dbt', 'action': 'invocation', 'label': 'start', 'context': [<snowplow_tracker.self_describing_json.SelfDescribingJson object at 0x000001796FAA9160>, <snowplow_tracker.self_describing_json.SelfDescribingJson object at 0x000001797223BD90>, <snowplow_tracker.self_describing_json.SelfDescribingJson object at 0x000001797223B610>]}


============================== 11:41:12.982158 | 7849d89e-1cef-4599-b3fb-de9137f10b9f ==============================
[0m11:41:12.982158 [info ] [MainThread]: Running with dbt=1.12.0
[0m11:41:12.983265 [debug] [MainThread]: running dbt with arguments {'static_parser': 'True', 'no_print': 'None', 'maximum_seed_size_mib': '1', 'target_path': 'None', 'warn_error_options': 'WarnErrorOptionsV2(error=[], warn=[], silence=[])', 'version_check': 'True', 'printer_width': '80', 'write_json': 'True', 'introspect': 'True', 'log_cache_events': 'False', 'empty': 'False', 'cache_selected_only': 'False', 'log_format': 'default', 'debug': 'False', 'fail_fast': 'False', 'profiles_dir': 'C:\\Users\\84352\\.dbt', 'send_anonymous_usage_stats': 'True', 'quiet': 'False', 'warn_error': 'None', 'partial_parse': 'True', 'invocation_command': 'dbt run --select intermediate', 'hints_enabled': 'True', 'use_colors': 'True', 'use_experimental_parser': 'False', 'indirect_selection': 'eager', 'log_path': 'logs'}
[0m11:41:12.984551 [error] [MainThread]: [[31mERROR[0m]: Encountered an error:
Runtime Error
  No dbt_project.yml found at expected path D:\Phuc\Project cá nhân\Data Analyst\CLoud-Analyst\dbt\dbt_project.yml
  Verify that each entry within packages.yml (and their transitive dependencies) contains a file named dbt_project.yml
  
[0m11:41:12.985640 [debug] [MainThread]: Command `dbt run` failed at 11:41:12.985476 after 0.16 seconds
[0m11:41:12.986014 [debug] [MainThread]: Sending event: {'category': 'dbt', 'action': 'invocation', 'label': 'end', 'context': [<snowplow_tracker.self_describing_json.SelfDescribingJson object at 0x0000017972300050>, <snowplow_tracker.self_describing_json.SelfDescribingJson object at 0x00000179722817F0>, <snowplow_tracker.self_describing_json.SelfDescribingJson object at 0x000001797227E140>]}
[0m11:41:12.986351 [debug] [MainThread]: Flushing usage events
[0m11:41:14.110800 [debug] [MainThread]: An error was encountered while trying to flush usage events
